Windows fatal exception: access violation

Current thread 0x000065e4 (most recent call first):
  Garbage-collecting
  <no Python frame>

--- Unhandled Exception at Mon Sep 14 11:48:13 2026 ---
Traceback (most recent call last):
  File "c:\Users\preet\code projts\fps_optimizer\desktop-app\app\main.py", line 178, in <module>
    main()
    ~~~~^^
  File "c:\Users\preet\code projts\fps_optimizer\desktop-app\app\main.py", line 143, in main
    ensure_dependencies()
    ~~~~~~~~~~~~~~~~~~~^^
  File "c:\Users\preet\code projts\fps_optimizer\desktop-app\app\main.py", line 90, in ensure_dependencies
    subprocess.check_call(cmd)
    ~~~~~~~~~~~~~~~~~~~~~^^^^^
  File "C:\Users\preet\AppData\Local\Python\pythoncore-3.14-64\Lib\subprocess.py", line 415, in check_call
    retcode = call(*popenargs, **kwargs)
  File "C:\Users\preet\AppData\Local\Python\pythoncore-3.14-64\Lib\subprocess.py", line 398, in call
    return p.wait(timeout=timeout)
           ~~~~~~^^^^^^^^^^^^^^^^^
  File "C:\Users\preet\AppData\Local\Python\pythoncore-3.14-64\Lib\subprocess.py", line 1279, in wait
    return self._wait(timeout=timeout)
           ~~~~~~~~~~^^^^^^^^^^^^^^^^^
  File "C:\Users\preet\AppData\Local\Python\pythoncore-3.14-64\Lib\subprocess.py", line 1605, in _wait
    result = _winapi.WaitForSingleObject(self._handle,
                                         timeout_millis)
KeyboardInterrupt


--- Tkinter Error at Mon Sep 14 11:50:05 2026 ---
Traceback (most recent call last):
  File "C:\Users\preet\AppData\Roaming\uv\python\cpython-3.11-windows-x86_64-none\Lib\tkinter\__init__.py", line 1967, in __call__
    return self.func(*args)
           ^^^^^^^^^^^^^^^^
  File "C:\Users\preet\AppData\Roaming\uv\python\cpython-3.11-windows-x86_64-none\Lib\tkinter\__init__.py", line 861, in callit
    func(*args)
  File "C:\Users\preet\code projts\fps_optimizer\desktop-app\app\ui\network_view.py", line 452, in <lambda>
    self.ov_adapter.update_val(adp[:15], "Interface UP", "#00ff9f" if adp != "Disconnected" else "#f43f5e"),
    ^^^^^^^^^^^^^^^^^^^^^^^^^^^^^^^^^^^^^^^^^^^^^^^^^^^^^^^^^^^^^^^^^^^^^^^^^^^^^^^^^^^^^^^^^^^^^^^^^^^^^^^
  File "C:\Users\preet\code projts\fps_optimizer\desktop-app\app\ui\network_view.py", line 91, in update_val
    self.val_lbl.configure(text=val)
  File "C:\Users\preet\AppData\Local\hermes\hermes-agent\venv\Lib\site-packages\customtkinter\windows\widgets\ctk_label.py", line 240, in configure
    self._label.configure(text=self._text)
  File "C:\Users\preet\AppData\Roaming\uv\python\cpython-3.11-windows-x86_64-none\Lib\tkinter\__init__.py", line 1721, in configure
    return self._configure('configure', cnf, kw)
           ^^^^^^^^^^^^^^^^^^^^^^^^^^^^^^^^^^^^^
  File "C:\Users\preet\AppData\Roaming\uv\python\cpython-3.11-windows-x86_64-none\Lib\tkinter\__init__.py", line 1711, in _configure
    self.tk.call(_flatten((self._w, cmd)) + self._options(cnf))
_tkinter.TclError: invalid command name ".!ctkframe2.!networkview.!ctkframe2.!ctkframe.!canvas.!ctkscrollableframe.!ctkframe3.!statcard.!ctklabel.!label"


--- Tkinter Error at Mon Sep 14 12:33:56 2026 ---
Traceback (most recent call last):
  File "C:\Users\preet\AppData\Roaming\uv\python\cpython-3.11-windows-x86_64-none\Lib\tkinter\__init__.py", line 1967, in __call__
    return self.func(*args)
           ^^^^^^^^^^^^^^^^
  File "C:\Users\preet\AppData\Local\hermes\hermes-agent\venv\Lib\site-packages\customtkinter\windows\widgets\ctk_button.py", line 564, in _on_release
    self._command()
  File "C:\Users\preet\code projts\fps_optimizer\desktop-app\app\ui\main_window.py", line 433, in show_network
    self.current_view = NetworkView(self.main_frame, on_back=self.show_optimize)
                        ^^^^^^^^^^^^^^^^^^^^^^^^^^^^^^^^^^^^^^^^^^^^^^^^^^^^^^^^
  File "C:\Users\preet\code projts\fps_optimizer\desktop-app\app\ui\network_view.py", line 265, in __init__
    self.switch_tab("overview")
  File "C:\Users\preet\code projts\fps_optimizer\desktop-app\app\ui\network_view.py", line 274, in switch_tab
    btn.configure(
  File "C:\Users\preet\AppData\Local\hermes\hermes-agent\venv\Lib\site-packages\customtkinter\windows\widgets\ctk_button.py", line 379, in configure
    self._border_color = self._check_color_type(kwargs.pop("border_color"))
                         ^^^^^^^^^^^^^^^^^^^^^^^^^^^^^^^^^^^^^^^^^^^^^^^^^^
  File "C:\Users\preet\AppData\Local\hermes\hermes-agent\venv\Lib\site-packages\customtkinter\windows\widgets\appearance_mode\appearance_mode_base_class.py", line 55, in _check_color_type
    raise ValueError(f"transparency is not allowed for this attribute")
ValueError: transparency is not allowed for this attribute


--- Tkinter Error at Mon Sep 14 12:34:00 2026 ---
Traceback (most recent call last):
  File "C:\Users\preet\AppData\Roaming\uv\python\cpython-3.11-windows-x86_64-none\Lib\tkinter\__init__.py", line 1967, in __call__
    return self.func(*args)
           ^^^^^^^^^^^^^^^^
  File "C:\Users\preet\AppData\Local\hermes\hermes-agent\venv\Lib\site-packages\customtkinter\windows\widgets\ctk_button.py", line 564, in _on_release
    self._command()
  File "C:\Users\preet\code projts\fps_optimizer\desktop-app\app\ui\main_window.py", line 433, in show_network
    self.current_view = NetworkView(self.main_frame, on_back=self.show_optimize)
                        ^^^^^^^^^^^^^^^^^^^^^^^^^^^^^^^^^^^^^^^^^^^^^^^^^^^^^^^^
  File "C:\Users\preet\code projts\fps_optimizer\desktop-app\app\ui\network_view.py", line 265, in __init__
    self.switch_tab("overview")
  File "C:\Users\preet\code projts\fps_optimizer\desktop-app\app\ui\network_view.py", line 274, in switch_tab
    btn.configure(
  File "C:\Users\preet\AppData\Local\hermes\hermes-agent\venv\Lib\site-packages\customtkinter\windows\widgets\ctk_button.py", line 379, in configure
    self._border_color = self._check_color_type(kwargs.pop("border_color"))
                         ^^^^^^^^^^^^^^^^^^^^^^^^^^^^^^^^^^^^^^^^^^^^^^^^^^
  File "C:\Users\preet\AppData\Local\hermes\hermes-agent\venv\Lib\site-packages\customtkinter\windows\widgets\appearance_mode\appearance_mode_base_class.py", line 55, in _check_color_type
    raise ValueError(f"transparency is not allowed for this attribute")
ValueError: transparency is not allowed for this attribute


--- Tkinter Error at Mon Sep 14 12:34:11 2026 ---
Traceback (most recent call last):
  File "C:\Users\preet\AppData\Roaming\uv\python\cpython-3.11-windows-x86_64-none\Lib\tkinter\__init__.py", line 1967, in __call__
    return self.func(*args)
           ^^^^^^^^^^^^^^^^
  File "C:\Users\preet\AppData\Local\hermes\hermes-agent\venv\Lib\site-packages\customtkinter\windows\widgets\ctk_button.py", line 564, in _on_release
    self._command()
  File "C:\Users\preet\code projts\fps_optimizer\desktop-app\app\ui\main_window.py", line 433, in show_network
    self.current_view = NetworkView(self.main_frame, on_back=self.show_optimize)
                        ^^^^^^^^^^^^^^^^^^^^^^^^^^^^^^^^^^^^^^^^^^^^^^^^^^^^^^^^
  File "C:\Users\preet\code projts\fps_optimizer\desktop-app\app\ui\network_view.py", line 265, in __init__
    self.switch_tab("overview")
  File "C:\Users\preet\code projts\fps_optimizer\desktop-app\app\ui\network_view.py", line 274, in switch_tab
    btn.configure(
  File "C:\Users\preet\AppData\Local\hermes\hermes-agent\venv\Lib\site-packages\customtkinter\windows\widgets\ctk_button.py", line 379, in configure
    self._border_color = self._check_color_type(kwargs.pop("border_color"))
                         ^^^^^^^^^^^^^^^^^^^^^^^^^^^^^^^^^^^^^^^^^^^^^^^^^^
  File "C:\Users\preet\AppData\Local\hermes\hermes-agent\venv\Lib\site-packages\customtkinter\windows\widgets\appearance_mode\appearance_mode_base_class.py", line 55, in _check_color_type
    raise ValueError(f"transparency is not allowed for this attribute")
ValueError: transparency is not allowed for this attribute


--- Tkinter Error at Mon Sep 14 12:34:11 2026 ---
Traceback (most recent call last):
  File "C:\Users\preet\AppData\Roaming\uv\python\cpython-3.11-windows-x86_64-none\Lib\tkinter\__init__.py", line 1967, in __call__
    return self.func(*args)
           ^^^^^^^^^^^^^^^^
  File "C:\Users\preet\AppData\Local\hermes\hermes-agent\venv\Lib\site-packages\customtkinter\windows\widgets\ctk_button.py", line 564, in _on_release
    self._command()
  File "C:\Users\preet\code projts\fps_optimizer\desktop-app\app\ui\main_window.py", line 433, in show_network
    self.current_view = NetworkView(self.main_frame, on_back=self.show_optimize)
                        ^^^^^^^^^^^^^^^^^^^^^^^^^^^^^^^^^^^^^^^^^^^^^^^^^^^^^^^^
  File "C:\Users\preet\code projts\fps_optimizer\desktop-app\app\ui\network_view.py", line 265, in __init__
    self.switch_tab("overview")
  File "C:\Users\preet\code projts\fps_optimizer\desktop-app\app\ui\network_view.py", line 274, in switch_tab
    btn.configure(
  File "C:\Users\preet\AppData\Local\hermes\hermes-agent\venv\Lib\site-packages\customtkinter\windows\widgets\ctk_button.py", line 379, in configure
    self._border_color = self._check_color_type(kwargs.pop("border_color"))
                         ^^^^^^^^^^^^^^^^^^^^^^^^^^^^^^^^^^^^^^^^^^^^^^^^^^
  File "C:\Users\preet\AppData\Local\hermes\hermes-agent\venv\Lib\site-packages\customtkinter\windows\widgets\appearance_mode\appearance_mode_base_class.py", line 55, in _check_color_type
    raise ValueError(f"transparency is not allowed for this attribute")
ValueError: transparency is not allowed for this attribute


--- Tkinter Error at Mon Sep 14 12:34:13 2026 ---
Traceback (most recent call last):
  File "C:\Users\preet\AppData\Roaming\uv\python\cpython-3.11-windows-x86_64-none\Lib\tkinter\__init__.py", line 1967, in __call__
    return self.func(*args)
           ^^^^^^^^^^^^^^^^
  File "C:\Users\preet\AppData\Local\hermes\hermes-agent\venv\Lib\site-packages\customtkinter\windows\widgets\ctk_button.py", line 564, in _on_release
    self._command()
  File "C:\Users\preet\code projts\fps_optimizer\desktop-app\app\ui\main_window.py", line 433, in show_network
    self.current_view = NetworkView(self.main_frame, on_back=self.show_optimize)
                        ^^^^^^^^^^^^^^^^^^^^^^^^^^^^^^^^^^^^^^^^^^^^^^^^^^^^^^^^
  File "C:\Users\preet\code projts\fps_optimizer\desktop-app\app\ui\network_view.py", line 265, in __init__
    self.switch_tab("overview")
  File "C:\Users\preet\code projts\fps_optimizer\desktop-app\app\ui\network_view.py", line 274, in switch_tab
    btn.configure(
  File "C:\Users\preet\AppData\Local\hermes\hermes-agent\venv\Lib\site-packages\customtkinter\windows\widgets\ctk_button.py", line 379, in configure
    self._border_color = self._check_color_type(kwargs.pop("border_color"))
                         ^^^^^^^^^^^^^^^^^^^^^^^^^^^^^^^^^^^^^^^^^^^^^^^^^^
  File "C:\Users\preet\AppData\Local\hermes\hermes-agent\venv\Lib\site-packages\customtkinter\windows\widgets\appearance_mode\appearance_mode_base_class.py", line 55, in _check_color_type
    raise ValueError(f"transparency is not allowed for this attribute")
ValueError: transparency is not allowed for this attribute

